[root@hw4vm vagrant]# cat /home/log01
Script started on Tue 03 Dec 2019 04:39:45 PM UTC
[root@hw4vm vagrant]# vgs
  VG         #PV #LV #SN Attr   VSize   VFree
  VolGroup00   1   2   0 wz--n- <38.97g    0 
[root@hw4vm vagrant]# vgrename VolGroup00 OtusRoot
  Volume group "VolGroup00" successfully renamed to "OtusRoot"
[root@hw4vm vagrant]# sed 's/VolGroup00/OtusRoot/g' /etc/fstab

#
# /etc/fstab
# Created by anaconda on Sat May 12 18:50:26 2018
#
# Accessible filesystems, by reference, are maintained under '/dev/disk'
# See man pages fstab(5), findfs(8), mount(8) and/or blkid(8) for more info
#
/dev/mapper/OtusRoot-LogVol00 /                       xfs     defaults        0 0
UUID=570897ca-e759-4c81-90cf-389da6eee4cc /boot                   xfs     defaults        0 0
/dev/mapper/OtusRoot-LogVol01 swap                    swap    defaults        0 0
[root@hw4vm vagrant]# sed 's/VolGroup00/OtusRoot/g' /etc/default/grub
GRUB_TIMEOUT=1
GRUB_DISTRIBUTOR="$(sed 's, release .*$,,g' /etc/system-release)"
GRUB_DEFAULT=saved
GRUB_DISABLE_SUBMENU=true
GRUB_TERMINAL_OUTPUT="console"
GRUB_CMDLINE_LINUX="no_timer_check console=tty0 console=ttyS0,115200n8 net.ifnames=0 biosdevname=0 elevator=noop crashkernel=auto rd.lvm.lv=OtusRoot/LogVol00 rd.lvm.lv=OtusRoot/LogVol01 rhgb quiet"
GRUB_DISABLE_RECOVERY="true"
[root@hw4vm vagrant]# sed 's/VolGroup00/OtusRoot/g' /boot/grub2/grub.cfg
#
# DO NOT EDIT THIS FILE
#
# It is automatically generated by grub2-mkconfig using templates
# from /etc/grub.d and settings from /etc/default/grub
#

### BEGIN /etc/grub.d/00_header ###
set pager=1

if [ -s $prefix/grubenv ]; then
  load_env
fi
if [ "${next_entry}" ] ; then
   set default="${next_entry}"
   set next_entry=
   save_env next_entry
   set boot_once=true
else
   set default="${saved_entry}"
fi

if [ x"${feature_menuentry_id}" = xy ]; then
  menuentry_id_option="--id"
else
  menuentry_id_option=""
fi

export menuentry_id_option

if [ "${prev_saved_entry}" ]; then
  set saved_entry="${prev_saved_entry}"
  save_env saved_entry
  set prev_saved_entry=
  save_env prev_saved_entry
  set boot_once=true
fi

function savedefault {
  if [ -z "${boot_once}" ]; then
    saved_entry="${chosen}"
    save_env saved_entry
  fi
}

function load_video {
  if [ x$feature_all_video_module = xy ]; then
    insmod all_video
  else
    insmod efi_gop
    insmod efi_uga
    insmod ieee1275_fb
    insmod vbe
    insmod vga
    insmod video_bochs
    insmod video_cirrus
  fi
}

terminal_output console
if [ x$feature_timeout_style = xy ] ; then
  set timeout_style=menu
  set timeout=1
# Fallback normal timeout code in case the timeout_style feature is
# unavailable.
else
  set timeout=1
fi
### END /etc/grub.d/00_header ###

### BEGIN /etc/grub.d/00_tuned ###
set tuned_params=""
set tuned_initrd=""
### END /etc/grub.d/00_tuned ###

### BEGIN /etc/grub.d/01_users ###
if [ -f ${prefix}/user.cfg ]; then
  source ${prefix}/user.cfg
  if [ -n "${GRUB2_PASSWORD}" ]; then
    set superusers="root"
    export superusers
    password_pbkdf2 root ${GRUB2_PASSWORD}
  fi
fi
### END /etc/grub.d/01_users ###

### BEGIN /etc/grub.d/10_linux ###
menuentry 'CentOS Linux (3.10.0-862.2.3.el7.x86_64) 7 (Core)' --class centos --class gnu-linux --class gnu --class os --unrestricted $menuentry_id_option 'gnulinux-3.10.0-862.2.3.el7.x86_64-advanced-b60e9498-0baa-4d9f-90aa-069048217fee' {
        load_video
        set gfxpayload=keep
        insmod gzio
        insmod part_msdos
        insmod xfs
        set root='hd0,msdos2'
        if [ x$feature_platform_search_hint = xy ]; then
          search --no-floppy --fs-uuid --set=root --hint='hd0,msdos2'  570897ca-e759-4c81-90cf-389da6eee4cc
        else
          search --no-floppy --fs-uuid --set=root 570897ca-e759-4c81-90cf-389da6eee4cc
        fi
        linux16 /vmlinuz-3.10.0-862.2.3.el7.x86_64 root=/dev/mapper/OtusRoot-LogVol00 ro no_timer_check console=tty0 console=ttyS0,115200n8 net.ifnames=0 biosdevname=0 elevator=noop crashkernel=auto rd.lvm.lv=OtusRoot/LogVol00 rd.lvm.lv=OtusRoot/LogVol01 rhgb quiet 
        initrd16 /initramfs-3.10.0-862.2.3.el7.x86_64.img
}
if [ "x$default" = 'CentOS Linux (3.10.0-862.2.3.el7.x86_64) 7 (Core)' ]; then default='Advanced options for CentOS Linux>CentOS Linux (3.10.0-862.2.3.el7.x86_64) 7 (Core)'; fi;
### END /etc/grub.d/10_linux ###

### BEGIN /etc/grub.d/20_linux_xen ###
### END /etc/grub.d/20_linux_xen ###

### BEGIN /etc/grub.d/20_ppc_terminfo ###
### END /etc/grub.d/20_ppc_terminfo ###

### BEGIN /etc/grub.d/30_os-prober ###
### END /etc/grub.d/30_os-prober ###

### BEGIN /etc/grub.d/40_custom ###
# This file provides an easy way to add custom menu entries.  Simply type the
# menu entries you want to add after this comment.  Be careful not to change
# the 'exec tail' line above.
### END /etc/grub.d/40_custom ###

### BEGIN /etc/grub.d/41_custom ###
if [ -f  ${config_directory}/custom.cfg ]; then
  source ${config_directory}/custom.cfg
elif [ -z "${config_directory}" -a -f  $prefix/custom.cfg ]; then
  source $prefix/custom.cfg;
fi
### END /etc/grub.d/41_custom ###
[root@hw4vm vagrant]# mkinitrd -f -v /boot/initramfs-$(uname -r).img $(uname -r)
Executing: /sbin/dracut -f -v /boot/initramfs-3.10.0-862.2.3.el7.x86_64.img 3.10.0-862.2.3.el7.x86_64
dracut module 'busybox' will not be installed, because command 'busybox' could not be found!
dracut module 'crypt' will not be installed, because command 'cryptsetup' could not be found!
dracut module 'dmraid' will not be installed, because command 'dmraid' could not be found!
dracut module 'dmsquash-live-ntfs' will not be installed, because command 'ntfs-3g' could not be found!
dracut module 'multipath' will not be installed, because command 'multipath' could not be found!
dracut module 'busybox' will not be installed, because command 'busybox' could not be found!
dracut module 'crypt' will not be installed, because command 'cryptsetup' could not be found!
dracut module 'dmraid' will not be installed, because command 'dmraid' could not be found!
dracut module 'dmsquash-live-ntfs' will not be installed, because command 'ntfs-3g' could not be found!
dracut module 'multipath' will not be installed, because command 'multipath' could not be found!
*** Including module: bash ***
*** Including module: nss-softokn ***
*** Including module: i18n ***
*** Including module: drm ***
*** Including module: plymouth ***
*** Including module: kernel-modules ***
Omitting driver floppy
*** Including module: qemu ***
*** Including module: rootfs-block ***
*** Including module: terminfo ***
[root@hw4vm vagrant]# cat /home/log01
Script started on Tue 03 Dec 2019 04:39:45 PM UTC
[root@hw4vm vagrant]# vgs
  VG         #PV #LV #SN Attr   VSize   VFree
  VolGroup00   1   2   0 wz--n- <38.97g    0 
[root@hw4vm vagrant]# vgrename VolGroup00 OtusRoot
  Volume group "VolGroup00" successfully renamed to "OtusRoot"
[root@hw4vm vagrant]# sed 's/VolGroup00/OtusRoot/g' /etc/fstab

#
# /etc/fstab
# Created by anaconda on Sat May 12 18:50:26 2018
#
# Accessible filesystems, by reference, are maintained under '/dev/disk'
# See man pages fstab(5), findfs(8), mount(8) and/or blkid(8) for more info
#
/dev/mapper/OtusRoot-LogVol00 /                       xfs     defaults        0 0
UUID=570897ca-e759-4c81-90cf-389da6eee4cc /boot                   xfs     defaults        0 0
/dev/mapper/OtusRoot-LogVol01 swap                    swap    defaults        0 0
[root@hw4vm vagrant]# sed 's/VolGroup00/OtusRoot/g' /etc/default/grub
GRUB_TIMEOUT=1
GRUB_DISTRIBUTOR="$(sed 's, release .*$,,g' /etc/system-release)"
GRUB_DEFAULT=saved
GRUB_DISABLE_SUBMENU=true
GRUB_TERMINAL_OUTPUT="console"
GRUB_CMDLINE_LINUX="no_timer_check console=tty0 console=ttyS0,115200n8 net.ifnames=0 biosdevname=0 elevator=noop crashkernel=auto rd.lvm.lv=OtusRoot/LogVol
00 rd.lvm.lv=OtusRoot/LogVol01 rhgb quiet"
GRUB_DISABLE_RECOVERY="true"
[root@hw4vm vagrant]# sed 's/VolGroup00/OtusRoot/g' /boot/grub2/grub.cfg
#
# DO NOT EDIT THIS FILE
#
# It is automatically generated by grub2-mkconfig using templates
# from /etc/grub.d and settings from /etc/default/grub
#

### BEGIN /etc/grub.d/00_header ###
set pager=1

if [ -s $prefix/grubenv ]; then
  load_env
fi
if [ "${next_entry}" ] ; then
   set default="${next_entry}"
   set next_entry=
   save_env next_entry
   set boot_once=true
else
   set default="${saved_entry}"
fi

if [ x"${feature_menuentry_id}" = xy ]; then
  menuentry_id_option="--id"
else
  menuentry_id_option=""
fi

export menuentry_id_option

if [ "${prev_saved_entry}" ]; then
  set saved_entry="${prev_saved_entry}"
  save_env saved_entry
  set prev_saved_entry=
  save_env prev_saved_entry
  set boot_once=true
fi

function savedefault {
  if [ -z "${boot_once}" ]; then
    saved_entry="${chosen}"
    save_env saved_entry
  fi
}

function load_video {
  if [ x$feature_all_video_module = xy ]; then
    insmod all_video
  else
    insmod efi_gop
    insmod efi_uga
    insmod ieee1275_fb
    insmod vbe
    insmod vga
    insmod video_bochs
    insmod video_cirrus
  fi
}

terminal_output console
if [ x$feature_timeout_style = xy ] ; then
  set timeout_style=menu
  set timeout=1
# Fallback normal timeout code in case the timeout_style feature is
# unavailable.
else
  set timeout=1
fi
### END /etc/grub.d/00_header ###

### BEGIN /etc/grub.d/00_tuned ###
set tuned_params=""
set tuned_initrd=""
### END /etc/grub.d/00_tuned ###

### BEGIN /etc/grub.d/01_users ###
if [ -f ${prefix}/user.cfg ]; then
  source ${prefix}/user.cfg
  if [ -n "${GRUB2_PASSWORD}" ]; then
    set superusers="root"
    export superusers
    password_pbkdf2 root ${GRUB2_PASSWORD}
  fi
fi
### END /etc/grub.d/01_users ###

### BEGIN /etc/grub.d/10_linux ###
menuentry 'CentOS Linux (3.10.0-862.2.3.el7.x86_64) 7 (Core)' --class centos --class gnu-linux --class gnu --class os --unrestricted $menuentry_id_option 'gnulinux-3.10.0-862.2.3.el7.x86_64-advanced-b60e9498-0baa-4d9f-90aa-069048217fee' {
        load_video
        set gfxpayload=keep
        insmod gzio
        insmod part_msdos
        insmod xfs
        set root='hd0,msdos2'
        if [ x$feature_platform_search_hint = xy ]; then
          search --no-floppy --fs-uuid --set=root --hint='hd0,msdos2'  570897ca-e759-4c81-90cf-389da6eee4cc
        else
          search --no-floppy --fs-uuid --set=root 570897ca-e759-4c81-90cf-389da6eee4cc
        fi
        linux16 /vmlinuz-3.10.0-862.2.3.el7.x86_64 root=/dev/mapper/OtusRoot-LogVol00 ro no_timer_check console=tty0 console=ttyS0,115200n8 net.ifnames=0 biosdevname=0 elevator=noop crashkernel=auto rd.lvm.lv=OtusRoot/LogVol00 rd.lvm.lv=OtusRoot/LogVol01 rhgb quiet 
        initrd16 /initramfs-3.10.0-862.2.3.el7.x86_64.img
}
if [ "x$default" = 'CentOS Linux (3.10.0-862.2.3.el7.x86_64) 7 (Core)' ]; then default='Advanced options for CentOS Linux>CentOS Linux (3.10.0-862.2.3.el7.x86_64) 7 (Core)'; fi;
### END /etc/grub.d/10_linux ###

### BEGIN /etc/grub.d/20_linux_xen ###
### END /etc/grub.d/20_linux_xen ###

### BEGIN /etc/grub.d/20_ppc_terminfo ###
### END /etc/grub.d/20_ppc_terminfo ###

### BEGIN /etc/grub.d/30_os-prober ###
### END /etc/grub.d/30_os-prober ###

### BEGIN /etc/grub.d/40_custom ###
# This file provides an easy way to add custom menu entries.  Simply type the
# menu entries you want to add after this comment.  Be careful not to change
# the 'exec tail' line above.
### END /etc/grub.d/40_custom ###

### BEGIN /etc/grub.d/41_custom ###
if [ -f  ${config_directory}/custom.cfg ]; then
  source ${config_directory}/custom.cfg
elif [ -z "${config_directory}" -a -f  $prefix/custom.cfg ]; then
  source $prefix/custom.cfg;
fi
### END /etc/grub.d/41_custom ###
[root@hw4vm vagrant]# mkinitrd -f -v /boot/initramfs-$(uname -r).img $(uname -r)
Executing: /sbin/dracut -f -v /boot/initramfs-3.10.0-862.2.3.el7.x86_64.img 3.10.0-862.2.3.el7.x86_64
dracut module 'busybox' will not be installed, because command 'busybox' could not be found!
dracut module 'crypt' will not be installed, because command 'cryptsetup' could not be found!
dracut module 'dmraid' will not be installed, because command 'dmraid' could not be found!
dracut module 'dmsquash-live-ntfs' will not be installed, because command 'ntfs-3g' could not be found!
dracut module 'multipath' will not be installed, because command 'multipath' could not be found!
dracut module 'busybox' will not be installed, because command 'busybox' could not be found!
dracut module 'crypt' will not be installed, because command 'cryptsetup' could not be found!
dracut module 'dmraid' will not be installed, because command 'dmraid' could not be found!
dracut module 'dmsquash-live-ntfs' will not be installed, because command 'ntfs-3g' could not be found!
dracut module 'multipath' will not be installed, because command 'multipath' could not be found!
*** Including module: bash ***
*** Including module: nss-softokn ***
*** Including module: i18n ***
*** Including module: drm ***
*** Including module: plymouth ***
*** Including module: kernel-modules ***
Omitting driver floppy
*** Including module: qemu ***
*** Including module: rootfs-block ***
*** Including module: terminfo ***
*** Including module: udev-rules ***
Skipping udev rule: 40-redhat-cpu-hotplug.rules
Skipping udev rule: 91-permissions.rules
*** Including module: biosdevname ***
*** Including module: systemd ***
*** Including module: usrmount ***
*** Including module: base ***
*** Including module: fs-lib ***
*** Including module: shutdown ***
*** Including modules done ***
*** Installing kernel module dependencies and firmware ***
*** Installing kernel module dependencies and firmware done ***
*** Resolving executable dependencies ***
*** Resolving executable dependencies done***
*** Hardlinking files ***
*** Hardlinking files done ***
*** Stripping files ***
*** Stripping files done ***
*** Generating early-microcode cpio image contents ***
*** No early-microcode cpio image needed ***
*** Store current command line parameters ***
*** Creating image file ***
*** Creating image file done ***
*** Creating initramfs image file '/boot/initramfs-3.10.0-862.2.3.el7.x86_64.img' done ***
[root@hw4vm vagrant]# exit

[root@hw4vm vagrant]# vgs
  VG       #PV #LV #SN Attr   VSize   VFree
  OtusRoot   1   2   0 wz--n- <38.97g    0 
[root@hw4vm vagrant]# mkdir /usr/lib/dracut/modules.d/01test
[root@hw4vm vagrant]# touch module-setup.sh test.sh
[root@hw4vm vagrant]# nano /usr/lib/dracut/modules.d/01test/module-setup.sh
[root@hw4vm vagrant]# nano /usr/lib/dracut/modules.d/01test/test.sh
[root@hw4vm vagrant]# mkinitrd -f -v /boot/initramfs-$(uname -r).img $(uname -r)
Executing: /sbin/dracut -f -v /boot/initramfs-3.10.0-862.2.3.el7.x86_64.img 3.10.0-862.2.3.el7.x86_64
/usr/lib/dracut/modules.d/01test/module-setup.sh: line 1: !/bin/bash: No such file or directory
/usr/lib/dracut/modules.d/01test/module-setup.sh: line 1: !/bin/bash: No such file or directory
dracut module 'busybox' will not be installed, because command 'busybox' could not be found!
dracut module 'crypt' will not be installed, because command 'cryptsetup' could not be found!
dracut module 'dmraid' will not be installed, because command 'dmraid' could not be found!
dracut module 'dmsquash-live-ntfs' will not be installed, because command 'ntfs-3g' could not be found!
dracut module 'multipath' will not be installed, because command 'multipath' could not be found!
dracut module 'busybox' will not be installed, because command 'busybox' could not be found!
dracut module 'crypt' will not be installed, because command 'cryptsetup' could not be found!
dracut module 'dmraid' will not be installed, because command 'dmraid' could not be found!
dracut module 'dmsquash-live-ntfs' will not be installed, because command 'ntfs-3g' could not be found!
dracut module 'multipath' will not be installed, because command 'multipath' could not be found!
*** Including module: bash ***
*** Including module: test ***
/usr/lib/dracut/modules.d/01test/module-setup.sh: line 1: !/bin/bash: No such file or directory
/usr/lib/dracut/modules.d/01test/module-setup.sh: line 1: !/bin/bash: No such file or directory
*** Including module: nss-softokn ***
*** Including module: i18n ***
*** Including module: drm ***
*** Including module: plymouth ***
*** Including module: dm ***
Skipping udev rule: 64-device-mapper.rules
Skipping udev rule: 60-persistent-storage-dm.rules
Skipping udev rule: 55-dm.rules
*** Including module: kernel-modules ***
Omitting driver floppy
*** Including module: lvm ***
Skipping udev rule: 64-device-mapper.rules
Skipping udev rule: 56-lvm.rules
Skipping udev rule: 60-persistent-storage-lvm.rules
*** Including module: qemu ***
*** Including module: resume ***
*** Including module: rootfs-block ***
*** Including module: terminfo ***
*** Including module: udev-rules ***
Skipping udev rule: 40-redhat-cpu-hotplug.rules
Skipping udev rule: 91-permissions.rules
*** Including module: biosdevname ***
*** Including module: systemd ***
*** Including module: usrmount ***
*** Including module: base ***
*** Including module: fs-lib ***
*** Including module: shutdown ***
*** Including modules done ***
*** Installing kernel module dependencies and firmware ***
*** Installing kernel module dependencies and firmware done ***
*** Resolving executable dependencies ***
*** Resolving executable dependencies done***
*** Hardlinking files ***
*** Hardlinking files done ***
*** Stripping files ***
*** Stripping files done ***
*** Generating early-microcode cpio image contents ***
*** No early-microcode cpio image needed ***
*** Store current command line parameters ***
*** Creating image file ***
*** Creating image file done ***
*** Creating initramfs image file '/boot/initramfs-3.10.0-862.2.3.el7.x86_64.img' done ***
[root@hw4vm vagrant]# lsinitrd -m /boot/initramfs-$(uname -r).img | grep test
test
[root@hw4vm vagrant]# nano /boot/grub2/grub.cfg 
[root@hw4vm vagrant]# exit
